
Allocating common symbols
Common symbol       size              file

netbufpool          0x4               binaries/net.o
readylist           0x2               binaries/ready.o
rfltab              0x5a0             binaries/rflinit.o
sleepq              0x2               binaries/clkinit.o
PAGE_SERVER_STATUS  0x1               binaries/initialize.o
pf_count            0x4               binaries/ascdate.o
nnames              0x4               binaries/naminit.o
udptab              0x168             binaries/udp.o
minheap             0x4               binaries/meminit.o
marks               0x50              binaries/mark.o
currpid             0x4               binaries/initialize.o
Lf_data             0x20c             binaries/lfsinit.o
porttab             0x2d0             binaries/ptinit.o
girmask             0x2               binaries/evec.o
ttytab              0x10c             binaries/ttyinit.o
bs_sem              0x4               binaries/psinit.o
proctab             0x1f40            binaries/initialize.o
prcount             0x4               binaries/initialize.o
lfltab              0xf00             binaries/lflinit.o
rdstab              0x8c              binaries/rdsinit.o
ethertab            0x138             binaries/ethinit.o
NetData             0xa8              binaries/net.o
nmarks              0x4               binaries/mark.o
Defer               0x8               binaries/resched.o
err_code            0x4               binaries/ascdate.o
semtab              0x4b0             binaries/initialize.o
maxheap             0x4               binaries/meminit.o
preempt             0x4               binaries/clkinit.o
buftab              0xf0              binaries/bufinit.o
Rf_data             0x18              binaries/rfsinit.o
mkmutex             0x4               binaries/mark.o
oldValStage         0x4               binaries/pregs.o
bstab               0x80              binaries/psinit.o
clktime             0x4               binaries/clkinit.o
newValStage         0x4               binaries/pregs.o
arpcache            0x140             binaries/arp.o
icmptab             0x230             binaries/icmp.o
nbpools             0x4               binaries/bufinit.o
queuetab            0x980             binaries/queue.o
ptnextid            0x4               binaries/ptinit.o
Ram                 0x19000           binaries/raminit.o
ipoqueue            0x2c              binaries/ip.o
bs_init_sem         0x4               binaries/initialize.o
memlist             0x8               binaries/initialize.o
nametab             0x19a0            binaries/naminit.o
ptfree              0x4               binaries/ptinit.o
frametab            0x9000            binaries/ascdate.o

Discarded input sections

 .group         0x0000000000000000        0x8 binaries/ascdate.o
 .group         0x0000000000000000        0x8 binaries/bufinit.o
 .group         0x0000000000000000        0x8 binaries/chprio.o
 .group         0x0000000000000000        0x8 binaries/clkhandler.o
 .text.__x86.get_pc_thunk.bx
                0x0000000000000000        0x4 binaries/clkhandler.o
 .group         0x0000000000000000        0x8 binaries/clkinit.o
 .text.__x86.get_pc_thunk.bx
                0x0000000000000000        0x4 binaries/clkinit.o
 .group         0x0000000000000000        0x8 binaries/close.o
 .text.__x86.get_pc_thunk.bx
                0x0000000000000000        0x4 binaries/close.o
 .group         0x0000000000000000        0x8 binaries/control.o
 .text.__x86.get_pc_thunk.bx
                0x0000000000000000        0x4 binaries/control.o
 .group         0x0000000000000000        0x8 binaries/create.o
 .group         0x0000000000000000        0x8 binaries/create.o
 .text.__x86.get_pc_thunk.cx
                0x0000000000000000        0x4 binaries/create.o
 .text.__x86.get_pc_thunk.bx
                0x0000000000000000        0x4 binaries/create.o
 .group         0x0000000000000000        0x8 binaries/early_imr.o
 .group         0x0000000000000000        0x8 binaries/early_imr.o
 .text.__x86.get_pc_thunk.ax
                0x0000000000000000        0x4 binaries/early_imr.o
 .text.__x86.get_pc_thunk.bx
                0x0000000000000000        0x4 binaries/early_imr.o
 .group         0x0000000000000000        0x8 binaries/evec.o
 .group         0x0000000000000000        0x8 binaries/evec.o
 .text.__x86.get_pc_thunk.ax
                0x0000000000000000        0x4 binaries/evec.o
 .text.__x86.get_pc_thunk.bx
                0x0000000000000000        0x4 binaries/evec.o
 .group         0x0000000000000000        0x8 binaries/freebuf.o
 .text.__x86.get_pc_thunk.bx
                0x0000000000000000        0x4 binaries/freebuf.o
 .group         0x0000000000000000        0x8 binaries/freemem.o
 .text.__x86.get_pc_thunk.bx
                0x0000000000000000        0x4 binaries/freemem.o
 .group         0x0000000000000000        0x8 binaries/getbuf.o
 .text.__x86.get_pc_thunk.bx
[...]
Memory Configuration

Name             Origin             Length             Attributes
*default*        0x0000000000000000 0xffffffffffffffff

Linker script and memory map

                0x0000000000100000                physbase = 0x100000
                0x0000000000100000                . = physbase
                0x0000000000100000                . = ALIGN (0x1000)

.text           0x0000000000100000    0x1e000
                0x0000000000100000                text = ABSOLUTE (.)
 *(.text .text.*)
 .text          0x0000000000100000      0x148 binaries/start.o
                0x0000000000100024                start
                0x0000000000100096                inb
                0x000000000010009e                inw
                0x00000000001000a7                inl
                0x00000000001000af                outb
                0x00000000001000b9                outw
                0x00000000001000c4                outl
                0x00000000001000ce                _rtcin
                0x00000000001000d9                ___udivsi3
                0x00000000001000e4                ___divsi3
                0x00000000001000f0                sbzero
                0x0000000000100100                bcopy
                0x0000000000100114                insw
                0x000000000010012a                outsw
                0x0000000000100140                lidt
 .text          0x0000000000100148      0x404 binaries/ascdate.o
                0x0000000000100148                ascdate
 .text.__x86.get_pc_thunk.cx
                0x000000000010054c        0x4 binaries/ascdate.o
                0x000000000010054c                __x86.get_pc_thunk.cx
 .text          0x0000000000100550       0x20 binaries/bufinit.o
                0x0000000000100550                bufinit
 .text.__x86.get_pc_thunk.ax
                0x0000000000100570        0x4 binaries/bufinit.o
                0x0000000000100570                __x86.get_pc_thunk.ax
 .text          0x0000000000100574       0xa2 binaries/chprio.o
                0x0000000000100574                chprio
 .text.__x86.get_pc_thunk.bx
                0x0000000000100616        0x4 binaries/chprio.o
                0x0000000000100616                __x86.get_pc_thunk.bx
 .text          0x000000000010061a       0xd7 binaries/clkhandler.o
                0x000000000010061a                clkhandler
 .text          0x00000000001006f1       0x95 binaries/clkinit.o
                0x00000000001006f1                clkinit
 .text          0x0000000000100786       0x86 binaries/close.o
                0x0000000000100786                close
 .text          0x000000000010080c        0x0 binaries/conf.o
 .text          0x000000000010080c       0x8c binaries/control.o
                0x000000000010080c                control
 .text          0x0000000000100898      0x333 binaries/create.o
                0x0000000000100898                create
 .text          0x0000000000100bcb      0x30e binaries/early_imr.o
                0x0000000000100bcb                intel_cln_early_sb_read_reg
                0x0000000000100c5c                intel_cln_early_sb_write_reg
                0x0000000000100e3b                remove_irm_protections
 .text          0x0000000000100ed9      0x4c6 binaries/evec.o
                0x0000000000100ed9                initevec
                0x0000000000100fea                set_evec
                0x00000000001010a8                setirmask
                0x000000000010111a                trap
 .text          0x000000000010139f       0xa1 binaries/freebuf.o
                0x000000000010139f                freebuf
 .text          0x0000000000101440      0x195 binaries/freemem.o
                0x0000000000101440                freemem
 .text          0x00000000001015d5       0x9f binaries/getbuf.o
                0x00000000001015d5                getbuf
 .text          0x0000000000101674       0x86 binaries/getc.o
                0x0000000000101674                getc
 .text          0x00000000001016fa       0x86 binaries/getdev.o
                0x00000000001016fa                getdev
 .text          0x0000000000101780      0x111 binaries/getitem.o
                0x0000000000101780                getfirst
                0x00000000001017d6                getlast
                0x000000000010182e                getitem
 .text.__x86.get_pc_thunk.dx
                0x0000000000101891        0x4 binaries/getitem.o
                0x0000000000101891                __x86.get_pc_thunk.dx
 .text          0x0000000000101895      0x132 binaries/getmem.o
                0x0000000000101895                getmem
 .text          0x00000000001019c7       0x17 binaries/getpid.o
                0x00000000001019c7                getpid
 .text          0x00000000001019de       0x8c binaries/getprio.o
                0x00000000001019de                getprio
 .text          0x0000000000101a6a      0x119 binaries/getstk.o
                0x0000000000101a6a                getstk
 .text          0x0000000000101b83       0x4a binaries/gettime.o
                0x0000000000101b83                gettime
 .text          0x0000000000101bcd      0x1f4 binaries/getutime.o
                0x0000000000101bcd                getutime
 .text          0x0000000000101dc1       0xd2 binaries/hook.o
                0x0000000000101dc1                hook_ptable_create
                0x0000000000101def                hook_ptable_delete
                0x0000000000101e1d                hook_pfault
                0x0000000000101e4b                hook_pswap_out
                0x0000000000101e7c                get_faults
 .text          0x0000000000101e93       0x86 binaries/init.o
                0x0000000000101e93                init
 .text          0x0000000000101f19      0x897 binaries/initialize.o
                0x0000000000101f19                nulluser
                0x0000000000102296                initialize_paging
                0x0000000000102319                initialize_frames
                0x00000000001023a6                initialize_pd_null
                0x0000000000102426                initialize_pt_null
                0x000000000010273d                stop
                0x0000000000102778                delay
 .text          0x00000000001027b0      0x105 binaries/insert.o
                0x00000000001027b0                insert
 .text          0x00000000001028b5      0x13e binaries/insertd.o
                0x00000000001028b5                insertd
 .text          0x00000000001029f3       0x14 binaries/ioerr.o
                0x00000000001029f3                ioerr
 .text          0x0000000000102a07       0x14 binaries/ionull.o
                0x0000000000102a07                ionull
 .text          0x0000000000102a1b      0x1d6 binaries/kill.o
                0x0000000000102a1b                kill
 .text          0x0000000000102bf1      0x15d binaries/kprintf.o
                0x0000000000102bf1                console_init
                0x0000000000102c4e                kputc
                0x0000000000102cb4                kgetc
                0x0000000000102d12                kprintf
 .text          0x0000000000102d4e      0x170 binaries/main.o
                0x0000000000102d4e                main
 .text          0x0000000000102ebe       0xf0 binaries/mark.o
                0x0000000000102ebe                markinit
                0x0000000000102ef9                mark
 .text          0x0000000000102fae      0x18f binaries/meminit.o
                0x0000000000102fae                meminit
                0x0000000000103057                setsegs
 .text          0x000000000010313d      0x179 binaries/mkbufpool.o
                0x000000000010313d                mkbufpool
 .text          0x00000000001032b6       0xbb binaries/newqueue.o
                0x00000000001032b6                newqueue
 .text          0x0000000000103371       0x8c binaries/open.o
                0x0000000000103371                open
 .text          0x00000000001033fd       0x2e binaries/panic.o
                0x00000000001033fd                panic
 .text          0x000000000010342b      0x491 binaries/pci.o
                0x000000000010342b                pci_init
                0x00000000001034f1                find_pci_device
                0x00000000001035cc                pci_read_config_byte
                0x0000000000103634                pci_read_config_word
                0x000000000010369e                pci_read_config_dword
                0x0000000000103706                pci_write_config_byte
                0x0000000000103772                pci_write_config_word
                0x00000000001037e0                pci_write_config_dword
                0x0000000000103846                pci_get_dev_mmio_base_addr
 .text          0x00000000001038bc       0x76 binaries/platinit.o
                0x00000000001038bc                platinit
 .text          0x0000000000103932      0x105 binaries/ptclear.o
                0x0000000000103932                _ptclear
 .text          0x0000000000103a37       0xaf binaries/ptcount.o
                0x0000000000103a37                ptcount
 .text          0x0000000000103ae6      0x138 binaries/ptcreate.o
                0x0000000000103ae6                ptcreate
 .text          0x0000000000103c1e       0x94 binaries/ptdelete.o
                0x0000000000103c1e                ptdelete
 .text          0x0000000000103cb2       0xe7 binaries/ptinit.o
                0x0000000000103cb2                ptinit
 .text          0x0000000000103d99      0x135 binaries/ptrecv.o
                0x0000000000103d99                ptrecv
 .text          0x0000000000103ece       0x89 binaries/ptreset.o
                0x0000000000103ece                ptreset
 .text          0x0000000000103f57      0x15a binaries/ptsend.o
                0x0000000000103f57                ptsend
 .text          0x00000000001040b1       0x91 binaries/putc.o
                0x00000000001040b1                putc
 .text          0x0000000000104142       0xdb binaries/quark_irq.o
                0x0000000000104142                quark_irq_routing
 .text          0x000000000010421d      0x20f binaries/quark_pdat.o
                0x000000000010421d                get_quark_pdat_entry_data_by_id
                0x000000000010431f                get_quark_pdat_entry_data_by_desc
 .text          0x000000000010442c      0x144 binaries/queue.o
                0x000000000010442c                enqueue
                0x00000000001044eb                dequeue
 .text          0x0000000000104570       0x8c binaries/read.o
                0x0000000000104570                read
 .text          0x00000000001045fc       0x8c binaries/ready.o
                0x00000000001045fc                ready
 .text          0x0000000000104688       0x74 binaries/receive.o
                0x0000000000104688                receive
 .text          0x00000000001046fc       0x70 binaries/recvclr.o
                0x00000000001046fc                recvclr
 .text          0x000000000010476c       0xd5 binaries/recvtime.o
                0x000000000010476c                recvtime
 .text          0x0000000000104841      0x1e0 binaries/resched.o
                0x0000000000104841                resched
                0x0000000000104983                resched_cntl
 .text          0x0000000000104a21       0xbf binaries/resume.o
                0x0000000000104a21                resume
 .text          0x0000000000104ae0       0x8a binaries/seek.o
                0x0000000000104ae0                seek
 .text          0x0000000000104b6a       0x87 binaries/semcount.o
                0x0000000000104b6a                semcount
 .text          0x0000000000104bf1      0x100 binaries/semcreate.o
                0x0000000000104bf1                semcreate
 .text          0x0000000000104cf1       0xdf binaries/semdelete.o
                0x0000000000104cf1                semdelete
 .text          0x0000000000104dd0       0xe3 binaries/semreset.o
                0x0000000000104dd0                semreset
 .text          0x0000000000104eb3      0x105 binaries/send.o
                0x0000000000104eb3                send
 .text          0x0000000000104fb8       0xba binaries/signal.o
                0x0000000000104fb8                signal
 .text          0x0000000000105072       0xe8 binaries/signaln.o
                0x0000000000105072                signaln
 .text          0x000000000010515a      0x107 binaries/sleep.o
                0x000000000010515a                sleep
                0x00000000001051ac                sleepms
 .text          0x0000000000105261      0x1c8 binaries/stacktrace.o
                0x0000000000105261                stacktrace
 .text          0x0000000000105429       0xf5 binaries/suspend.o
                0x0000000000105429                suspend
 .text          0x000000000010551e      0x100 binaries/unsleep.o
                0x000000000010551e                unsleep
 .text          0x000000000010561e       0x29 binaries/userret.o
                0x000000000010561e                userret
 .text          0x0000000000105647       0xf5 binaries/wait.o
                0x0000000000105647                wait
 .text          0x000000000010573c       0x98 binaries/wakeup.o
                0x000000000010573c                wakeup
 .text          0x00000000001057d4       0x8c binaries/write.o
                0x00000000001057d4                write
 .text          0x0000000000105860       0x2f binaries/xdone.o
                0x0000000000105860                xdone
 .text          0x000000000010588f       0x37 binaries/yield.o
                0x000000000010588f                yield
 .text          0x00000000001058c6       0x1b binaries/abs.o
                0x00000000001058c6                abs
 .text          0x00000000001058e1       0x99 binaries/atoi.o
                0x00000000001058e1                atoi
 .text          0x000000000010597a       0x99 binaries/atol.o
                0x000000000010597a                atol
 .text          0x0000000000105a13       0x3c binaries/bzero.o
                0x0000000000105a13                bzero
 .text          0x0000000000105a4f        0x0 binaries/ctype_.o
 .text          0x0000000000105a4f      0x7ee binaries/doprnt.o
                0x0000000000105a4f                _doprnt
 .text          0x000000000010623d      0x6cb binaries/doscan.o
                0x000000000010623d                _doscan
 .text.__x86.get_pc_thunk.di
                0x0000000000106908        0x4 binaries/doscan.o
                0x0000000000106908                __x86.get_pc_thunk.di
 .text          0x000000000010690c      0x76a binaries/fdoprnt.o
                0x000000000010690c                _fdoprnt
 .text          0x0000000000107076       0x39 binaries/fgetc.o
                0x0000000000107076                fgetc
 .text          0x00000000001070af       0x84 binaries/fgets.o
                0x00000000001070af                fgets
 .text          0x0000000000107133       0x3c binaries/fprintf.o
                0x0000000000107133                fprintf
 .text          0x000000000010716f       0x3c binaries/fputc.o
                0x000000000010716f                fputc
 .text          0x00000000001071ab       0x52 binaries/fputs.o
                0x00000000001071ab                fputs
 .text          0x00000000001071fd       0xb8 binaries/fscanf.o
                0x00000000001071fd                fscanf
 .text          0x00000000001072b5       0x46 binaries/getchar.o
                0x00000000001072b5                getchar
 .text          0x00000000001072fb       0x1b binaries/labs.o
                0x00000000001072fb                labs
 .text          0x0000000000107316       0x44 binaries/memchr.o
                0x0000000000107316                memchr
 .text          0x000000000010735a       0x5b binaries/memcmp.o
                0x000000000010735a                memcmp
 .text          0x00000000001073b5       0x49 binaries/memcpy.o
                0x00000000001073b5                memcpy
 .text          0x00000000001073fe       0x3a binaries/memset.o
                0x00000000001073fe                memset
 .text          0x0000000000107438       0x5e binaries/printf.o
                0x0000000000107438                printf
 .text          0x0000000000107496       0x49 binaries/putchar.o
                0x0000000000107496                putchar
 .text          0x00000000001074df      0x2b7 binaries/qsort.o
                0x00000000001074df                qsort
 .text          0x0000000000107796       0x4e binaries/rand.o
                0x0000000000107796                srand
                0x00000000001077af                rand
 .text          0x00000000001077e4       0x82 binaries/sprintf.o
                0x00000000001077e4                sprintf
 .text          0x0000000000107866       0x98 binaries/sscanf.o
                0x0000000000107866                sscanf
 .text          0x00000000001078fe       0x46 binaries/strchr.o
                0x00000000001078fe                strchr
 .text          0x0000000000107944       0x4f binaries/strcmp.o
                0x0000000000107944                strcmp
 .text          0x0000000000107993       0x31 binaries/strcpy.o
                0x0000000000107993                strcpy
 .text          0x00000000001079c4       0x30 binaries/strlen.o
                0x00000000001079c4                strlen
 .text          0x00000000001079f4       0x60 binaries/strncat.o
                0x00000000001079f4                strncat
 .text          0x0000000000107a54       0x68 binaries/strncmp.o
                0x0000000000107a54                strncmp
 .text          0x0000000000107abc       0x59 binaries/strncpy.o
                0x0000000000107abc                strncpy
 .text          0x0000000000107b15       0x38 binaries/strnlen.o
                0x0000000000107b15                strnlen
 .text          0x0000000000107b4d       0x4f binaries/strrchr.o
                0x0000000000107b4d                strrchr
 .text          0x0000000000107b9c       0x78 binaries/strstr.o
                0x0000000000107b9c                strstr
 .text          0x0000000000107c14       0xff binaries/ttycontrol.o
                0x0000000000107c14                ttycontrol
 .text          0x0000000000107d13       0xaf binaries/ttygetc.o
                0x0000000000107d13                ttygetc
 .text          0x0000000000107dc2      0x708 binaries/ttyhandle_in.o
                0x0000000000107dc2                ttyhandle_in
 .text          0x00000000001084ca      0x197 binaries/ttyhandle_out.o
                0x00000000001084ca                ttyhandle_out
 .text          0x0000000000108661       0xd7 binaries/ttyhandler.o
                0x0000000000108661                ttyhandler
 .text          0x0000000000108738      0x1fd binaries/ttyinit.o
                0x0000000000108738                ttyinit
 .text          0x0000000000108935       0x1a binaries/ttykickout.o
                0x0000000000108935                ttykickout
 .text          0x000000000010894f       0xcd binaries/ttyputc.o
                0x000000000010894f                ttyputc
 .text          0x0000000000108a1c      0x131 binaries/ttyread.o
                0x0000000000108a1c                ttyread
 .text          0x0000000000108b4d       0x5c binaries/ttywrite.o
                0x0000000000108b4d                ttywrite
 .text          0x0000000000108ba9      0x174 binaries/mount.o
                0x0000000000108ba9                mount
                0x0000000000108cdd                namlen
 .text          0x0000000000108d1d      0x220 binaries/naminit.o
                0x0000000000108d1d                naminit
 .text          0x0000000000108f3d      0x243 binaries/nammap.o
                0x0000000000108f3d                nammap
                0x0000000000108fda                namrepl
                0x0000000000109126                namcpy
 .text          0x0000000000109180       0x5d binaries/namopen.o
                0x0000000000109180                namopen
 .text          0x00000000001091dd      0x1bb binaries/colon2mac.o
                0x00000000001091dd                colon2mac
 .text          0x0000000000109398       0xa8 binaries/ethcontrol.o
                0x0000000000109398                ethcontrol
 .text          0x0000000000109440      0x1cd binaries/ethhandler.o
                0x0000000000109440                ethhandler
 .text          0x000000000010960d      0x79c binaries/ethinit.o
                0x000000000010960d                eth_phy_read
                0x0000000000109681                eth_phy_write
                0x0000000000109700                eth_phy_reset
                0x0000000000109854                ethinit
 .text.__x86.get_pc_thunk.si
                0x0000000000109da9        0x4 binaries/ethinit.o
                0x0000000000109da9                __x86.get_pc_thunk.si
 .text          0x0000000000109dad      0x19c binaries/ethmcast.o
                0x0000000000109dad                ethmcast_add
                0x0000000000109e3a                ethmcast_remove
 .text          0x0000000000109f49      0x1a1 binaries/ethread.o
                0x0000000000109f49                ethread
 .text          0x000000000010a0ea      0x10a binaries/ethwrite.o
                0x000000000010a0ea                ethwrite
 .text          0x000000000010a1f4       0xaf binaries/rdsbufalloc.o
                0x000000000010a1f4                rdsbufalloc
 .text          0x000000000010a2a3       0xcf binaries/rdsclose.o
                0x000000000010a2a3                rdsclose
 .text          0x000000000010a372      0x2d2 binaries/rdscomm.o
                0x000000000010a372                rdscomm
 .text          0x000000000010a644      0x20b binaries/rdscontrol.o
                0x000000000010a644                rdscontrol
 .text          0x000000000010a84f      0x1b3 binaries/rdsinit.o
                0x000000000010a84f                rdsinit
 .text          0x000000000010aa02      0x1a4 binaries/rdsopen.o
                0x000000000010aa02                rdsopen
 .text          0x000000000010aba6      0x4ea binaries/rdsprocess.o
                0x000000000010aba6                rdsprocess
 .text          0x000000000010b090      0x235 binaries/rdsread.o
                0x000000000010b090                rdsread
 .text          0x000000000010b2c5      0x1df binaries/rdswrite.o
                0x000000000010b2c5                rdswrite
 .text          0x000000000010b4a4       0x14 binaries/ramclose.o
                0x000000000010b4a4                ramclose
 .text          0x000000000010b4b8       0x58 binaries/raminit.o
                0x000000000010b4b8                raminit
 .text          0x000000000010b510       0x14 binaries/ramopen.o
                0x000000000010b510                ramopen
 .text          0x000000000010b524       0x47 binaries/ramread.o
                0x000000000010b524                ramread
 .text          0x000000000010b56b       0x47 binaries/ramwrite.o
                0x000000000010b56b                ramwrite
 .text          0x000000000010b5b2       0xc4 binaries/lfdballoc.o
                0x000000000010b5b2                lfdballoc
 .text          0x000000000010b676       0x6a binaries/lfdbfree.o
                0x000000000010b676                lfdbfree
 .text          0x000000000010b6e0       0xe0 binaries/lfflush.o
                0x000000000010b6e0                lfflush
 .text          0x000000000010b7c0       0xe2 binaries/lfgetmode.o
                0x000000000010b7c0                lfgetmode
 .text          0x000000000010b8a2       0x92 binaries/lfiballoc.o
                0x000000000010b8a2                lfiballoc
 .text          0x000000000010b934       0x45 binaries/lfibclear.o
                0x000000000010b934                lfibclear
 .text          0x000000000010b979       0xbc binaries/lfibget.o
                0x000000000010b979                lfibget
 .text          0x000000000010ba35       0xeb binaries/lfibput.o
                0x000000000010ba35                lfibput
 .text          0x000000000010bb20       0xbb binaries/lflclose.o
                0x000000000010bb20                lflclose
 .text          0x000000000010bbdb       0xef binaries/lflcontrol.o
                0x000000000010bbdb                lflcontrol
 .text          0x000000000010bcca      0x104 binaries/lflgetc.o
                0x000000000010bcca                lflgetc
 .text          0x000000000010bdce      0x102 binaries/lflinit.o
                0x000000000010bdce                lflinit
 .text          0x000000000010bed0      0x13a binaries/lflputc.o
                0x000000000010bed0                lflputc
 .text          0x000000000010c00a       0x7f binaries/lflread.o
                0x000000000010c00a                lflread
 .text          0x000000000010c089       0xbe binaries/lflseek.o
                0x000000000010c089                lflseek
 .text          0x000000000010c147       0x64 binaries/lflwrite.o
                0x000000000010c147                lflwrite
 .text          0x000000000010c1ab      0x159 binaries/lfsckfmt.o
                0x000000000010c1ab                lfsckfmt
 .text          0x000000000010c304      0x1be binaries/lfscreate.o
                0x000000000010c304                lfscreate
 .text          0x000000000010c4c2      0x2a3 binaries/lfsetup.o
                0x000000000010c4c2                lfsetup
 .text          0x000000000010c765       0x81 binaries/lfsinit.o
                0x000000000010c765                lfsinit
 .text          0x000000000010c7e6      0x3c0 binaries/lfsopen.o
                0x000000000010c7e6                lfsopen
 .text          0x000000000010cba6      0x18a binaries/lftruncate.o
                0x000000000010cba6                lftruncate
 .text          0x000000000010cd30       0x8f binaries/rflclose.o
                0x000000000010cd30                rflclose
 .text          0x000000000010cdbf       0x42 binaries/rflgetc.o
                0x000000000010cdbf                rflgetc
 .text          0x000000000010ce01       0x86 binaries/rflinit.o
                0x000000000010ce01                rflinit
 .text          0x000000000010ce87       0x5f binaries/rflputc.o
                0x000000000010ce87                rflputc
 .text          0x000000000010cee6      0x396 binaries/rflread.o
                0x000000000010cee6                rflread
 .text          0x000000000010d27c       0x92 binaries/rflseek.o
                0x000000000010d27c                rflseek
 .text          0x000000000010d30e      0x381 binaries/rflwrite.o
                0x000000000010d30e                rflwrite
 .text          0x000000000010d68f      0x21d binaries/rfscomm.o
                0x000000000010d68f                rfscomm
 .text          0x000000000010d8ac      0x2cc binaries/rfscontrol.o
                0x000000000010d8ac                rfscontrol
 .text          0x000000000010db78       0xe2 binaries/rfsgetmode.o
                0x000000000010db78                rfsgetmode
 .text          0x000000000010dc5a       0xb5 binaries/rfsinit.o
                0x000000000010dc5a                rfsinit
 .text          0x000000000010dd0f      0x122 binaries/rfsndmsg.o
                0x000000000010dd0f                rfsndmsg
 .text          0x000000000010de31      0x2e3 binaries/rfsopen.o
                0x000000000010de31                rfsopen
 .text          0x000000000010e114      0x8e6 binaries/arp.o
                0x000000000010e114                arp_init
                0x000000000010e15a                arp_resolve
                0x000000000010e448                arp_in
                0x000000000010e72a                arp_alloc
                0x000000000010e80c                arp_ntoh
                0x000000000010e903                arp_hton
 .text          0x000000000010e9fa      0x842 binaries/dhcp.o
                0x000000000010e9fa                dhcp_get_opt_val
                0x000000000010ea5d                dhcp_bld_bootp_msg
                0x000000000010eb84                dhcp_bld_disc
                0x000000000010ec63                dhcp_bld_req
                0x000000000010edbb                getlocalip
 .text          0x000000000010f23c       0xf4 binaries/dot2ip.o
                0x000000000010f23c                dot2ip
 .text          0x000000000010f330      0x528 binaries/hexdump.o
                0x000000000010f330                hexdump
                0x000000000010f4fe                hexadump
 .text          0x000000000010f858      0x939 binaries/icmp.o
                0x000000000010f858                icmp_init
                0x000000000010f89e                icmp_in
                0x000000000010fa7f                icmp_register
                0x000000000010fb89                icmp_recv
                0x000000000010fd27                icmp_send
                0x000000000010fdbc                icmp_mkpkt
                0x000000000010fef0                icmp_release
                0x000000000010fffd                icmp_cksum
                0x0000000000110093                icmp_hton
                0x0000000000110112                icmp_ntoh
 .text          0x0000000000110191      0x96c binaries/ip.o
                0x0000000000110191                ip_in
                0x0000000000110336                ip_send
                0x00000000001104b8                ip_local
                0x0000000000110519                ip_out
                0x0000000000110661                ipcksum
                0x00000000001106f1                ip_ntoh
                0x00000000001107e8                ip_hton
                0x00000000001108df                ipout
                0x0000000000110a36                ip_enqueue
 .text          0x0000000000110afd      0x288 binaries/net.o
                0x0000000000110afd                net_init
                0x0000000000110c4d                netin
                0x0000000000110d1b                eth_hton
                0x0000000000110d50                eth_ntoh
 .text          0x0000000000110d85      0x156 binaries/netstart.o
                0x0000000000110d85                netstart
 .text          0x0000000000110edb     0x15bc binaries/pdump.o
                0x0000000000110edb                pdump
                0x0000000000111d33                pdumph
 .text          0x0000000000112497      0x68a binaries/tftp.o
                0x0000000000112497                tftp_send1
                0x000000000011262a                tftpget
                0x0000000000112666                tftpget_mb
 .text          0x0000000000112b21      0xc36 binaries/udp.o
                0x0000000000112b21                udp_init
                0x0000000000112b67                udp_in
                0x0000000000112cba                udp_register
                0x0000000000112e09                udp_recv
                0x0000000000112fb8                udp_recvaddr
                0x000000000011317f                udp_send
                0x0000000000113382                udp_sendto
                0x000000000011354d                udp_release
                0x0000000000113659                udp_ntoh
                0x00000000001136d8                udp_hton
 .text          0x0000000000113757      0x14d binaries/addargs.o
                0x0000000000113757                addargs
 .text          0x00000000001138a4      0x2d1 binaries/lexan.o
                0x00000000001138a4                lexan
 .text          0x0000000000113b75      0x6dd binaries/shell.o
                0x0000000000113b75                shell
 .text          0x0000000000114252       0x7e binaries/xsh_argecho.o
                0x0000000000114252                xsh_argecho
 .text          0x00000000001142d0      0x2cc binaries/xsh_arp.o
                0x00000000001142d0                xsh_arp
 .text          0x000000000011459c      0x2ae binaries/xsh_cat.o
                0x000000000011459c                xsh_cat
 .text          0x000000000011484a       0x7a binaries/xsh_clear.o
                0x000000000011484a                xsh_clear
 .text          0x00000000001148c4      0x354 binaries/xsh_date.o
                0x00000000001148c4                xsh_date
 .text          0x0000000000114c18       0xcb binaries/xsh_devdump.o
                0x0000000000114c18                xsh_devdump
 .text          0x0000000000114ce3       0x87 binaries/xsh_echo.o
                0x0000000000114ce3                xsh_echo
 .text          0x0000000000114d6a       0x14 binaries/xsh_exit.o
                0x0000000000114d6a                xsh_exit
 .text          0x0000000000114d7e      0x3e9 binaries/xsh_help.o
                0x0000000000114d7e                xsh_help
 .text          0x0000000000115167      0x4ff binaries/xsh_ipaddr.o
                0x0000000000115167                xsh_ipaddr
 .text          0x0000000000115666      0x287 binaries/xsh_kill.o
                0x0000000000115666                xsh_kill
 .text          0x00000000001158ed      0x578 binaries/xsh_memdump.o
                0x00000000001158ed                xsh_memdump
 .text          0x0000000000115e65      0x316 binaries/xsh_memstat.o
                0x0000000000115e65                xsh_memstat
 .text          0x000000000011617b      0x3c2 binaries/xsh_ping.o
                0x000000000011617b                xsh_ping
 .text          0x000000000011653d      0x27c binaries/xsh_ps.o
                0x000000000011653d                xsh_ps
 .text          0x00000000001167b9      0x266 binaries/xsh_sleep.o
                0x00000000001167b9                xsh_sleep
 .text          0x0000000000116a1f      0x2d8 binaries/xsh_udpdump.o
                0x0000000000116a1f                xsh_udpdump
 .text          0x0000000000116cf7      0x532 binaries/xsh_udpecho.o
                0x0000000000116cf7                xsh_udpecho
 .text          0x0000000000117229      0x2fb binaries/xsh_udpeserver.o
                0x0000000000117229                xsh_udpeserver
 .text          0x0000000000117524      0x230 binaries/xsh_uptime.o
                0x0000000000117524                xsh_uptime
 .text          0x0000000000117754       0xc2 binaries/allocate_bs.o
                0x0000000000117754                allocate_bs
 .text          0x0000000000117816       0xad binaries/close_bs.o
                0x0000000000117816                close_bs
 .text          0x00000000001178c3       0xd1 binaries/deallocate_bs.o
                0x00000000001178c3                deallocate_bs
 .text          0x0000000000117994      0x101 binaries/get_bs.o
                0x0000000000117994                get_bs
 .text          0x0000000000117a95       0xad binaries/open_bs.o
                0x0000000000117a95                open_bs
 .text          0x0000000000117b42      0x7c9 binaries/paging.o
                0x0000000000117b42                getPD
                0x0000000000117dce                getPT
                0x0000000000117f9b                getDSFrame
                0x0000000000118014                getPFrame
                0x00000000001181cf                freeFrames
                0x0000000000118277                printFrames
 .text          0x000000000011830b      0x226 binaries/pfhandler.o
                0x000000000011830b                pfhandler
 .text          0x0000000000118531      0x1b6 binaries/pregs.o
                0x0000000000118531                pagingOn
                0x00000000001185b5                setPDBR
                0x0000000000118681                getCR2
 .text          0x00000000001186e7      0x14c binaries/psinit.o
                0x00000000001186e7                psinit
 .text          0x0000000000118833      0x1fd binaries/read_bs.o
                0x0000000000118833                read_bs
 .text          0x0000000000118a30       0xe4 binaries/release_bs.o
                0x0000000000118a30                release_bs
 .text          0x0000000000118b14      0x67e binaries/testProcs.o
                0x0000000000118b14                test1P
                0x0000000000118c41                test2072P
                0x0000000000118d6e                test2072PGF
                0x0000000000118f14                test2P
                0x0000000000118fe2                test1A
                0x00000000001190ba                test1B
 .text          0x0000000000119192      0x345 binaries/vcreate.o
                0x0000000000119192                vcreate
 .text          0x00000000001194d7      0x26e binaries/vfreemem.o
                0x00000000001194d7                vfreemem
 .text          0x0000000000119745      0x241 binaries/vgetmem.o
                0x0000000000119745                vgetmem
 .text          0x0000000000119986      0x1b1 binaries/write_bs.o
                0x0000000000119986                write_bs
 .text          0x0000000000119b37        0xe binaries/clkdisp.o
                0x0000000000119b37                clkdisp
 .text          0x0000000000119b45       0x19 binaries/ctxsw.o
                0x0000000000119b45                ctxsw
 .text          0x0000000000119b5e      0x368 binaries/intr.o
                0x0000000000119b5e                disable
                0x0000000000119b67                restore
                0x0000000000119b75                enable
                0x0000000000119b77                pause
                0x0000000000119b7e                halt
                0x0000000000119b81                spurious_irq7
                0x0000000000119b86                spurious_irq15
                0x0000000000119b95                _Xint0
                0x0000000000119ba0                _Xint1
                0x0000000000119bab                _Xint2
                0x0000000000119bb6                _Xint3
                0x0000000000119bc1                _Xint4
                0x0000000000119bcc                _Xint5
                0x0000000000119bd7                _Xint6
                0x0000000000119be2                _Xint7
                0x0000000000119bed                _Xint8
                0x0000000000119bf8                _Xint9
                0x0000000000119c03                _Xint10
                0x0000000000119c0e                _Xint11
                0x0000000000119c1c                _Xint12
                0x0000000000119c2a                _Xint13
                0x0000000000119c38                _Xint14
                0x0000000000119c46                _Xint15
                0x0000000000119c54                _Xint16
                0x0000000000119c62                _Xint17
                0x0000000000119c70                _Xint18
                0x0000000000119c7e                _Xint19
                0x0000000000119c8c                _Xint20
                0x0000000000119c9a                _Xint21
                0x0000000000119ca8                _Xint22
                0x0000000000119cb6                _Xint23
                0x0000000000119cc4                _Xint24
                0x0000000000119cd2                _Xint25
                0x0000000000119ce0                _Xint26
                0x0000000000119cee                _Xint27
                0x0000000000119cfc                _Xint28
                0x0000000000119d0a                _Xint29
                0x0000000000119d18                _Xint30
                0x0000000000119d26                _Xint31
                0x0000000000119d34                _Xint32
                0x0000000000119d42                _Xint33
                0x0000000000119d50                _Xint34
                0x0000000000119d5e                _Xint35
                0x0000000000119d6c                _Xint36
                0x0000000000119d7a                _Xint37
                0x0000000000119d88                _Xint38
                0x0000000000119d96                _Xint39
                0x0000000000119da4                _Xint40
                0x0000000000119db2                _Xint41
                0x0000000000119dc0                _Xint42
                0x0000000000119dce                _Xint43
                0x0000000000119ddc                _Xint44
                0x0000000000119dea                _Xint45
                0x0000000000119df8                _Xint46
                0x0000000000119e06                defevec
 .text          0x0000000000119ec6        0xf binaries/ttydispatch.o
                0x0000000000119ec6                ttydispatch
 .text          0x0000000000119ed5       0x13 binaries/ethdispatch.o
                0x0000000000119ed5                ethdispatch
 .text          0x0000000000119ee8       0x12 binaries/pfisr.o
                0x0000000000119ee8                pfisr
 *(.rodata .rodata.*)
 *fill*         0x0000000000119efa        0x2 
 .rodata        0x0000000000119efc       0x8e binaries/ascdate.o
 .rodata        0x0000000000119f8a       0x5f binaries/conf.o
 *fill*         0x0000000000119fe9        0x3 
 .rodata        0x0000000000119fec       0x83 binaries/early_imr.o
 *fill*         0x000000000011a06f        0x1 
 .rodata        0x000000000011a070      0x231 binaries/evec.o
 *fill*         0x000000000011a2a1        0x3 
 .rodata        0x000000000011a2a4       0x60 binaries/getutime.o
 .rodata        0x000000000011a304       0x79 binaries/hook.o
 *fill*         0x000000000011a37d        0x3 
 .rodata        0x000000000011a380      0x162 binaries/initialize.o
 *fill*         0x000000000011a4e2        0x2 
 .rodata        0x000000000011a4e4       0x20 binaries/kill.o
 .rodata        0x000000000011a504       0x82 binaries/main.o
 .rodata        0x000000000011a586        0xf binaries/panic.o
 .rodata        0x000000000011a595       0x1c binaries/ptinit.o
 *fill*         0x000000000011a5b1        0x3 
 .rodata        0x000000000011a5b4       0x25 binaries/ptsend.o
 .rodata        0x000000000011a5d9       0x22 binaries/quark_pdat.o
 *fill*         0x000000000011a5fb        0x1 
 .rodata        0x000000000011a5fc       0xb7 binaries/stacktrace.o
 *fill*         0x000000000011a6b3        0x1 
 .rodata        0x000000000011a6b4       0x27 binaries/xdone.o
 *fill*         0x000000000011a6db        0x5 
 .rodata        0x000000000011a6e0       0x81 binaries/ctype_.o
                0x000000000011a6e0                _ctype_
 *fill*         0x000000000011a761        0x3 
 .rodata        0x000000000011a764       0xee binaries/doprnt.o
 *fill*         0x000000000011a852        0x2 
 .rodata        0x000000000011a854       0x98 binaries/doscan.o
 .rodata        0x000000000011a8ec       0xae binaries/fdoprnt.o
 *fill*         0x000000000011a99a        0x2 
 .rodata        0x000000000011a99c       0x20 binaries/ttycontrol.o
 .rodata        0x000000000011a9bc       0x34 binaries/ttyhandler.o
 .rodata        0x000000000011a9f0       0x80 binaries/naminit.o
 .rodata        0x000000000011aa70       0x46 binaries/ethinit.o
 *fill*         0x000000000011aab6        0x2 
 .rodata        0x000000000011aab8       0x2c binaries/rdsbufalloc.o
 .rodata        0x000000000011aae4       0x76 binaries/rdscomm.o
 *fill*         0x000000000011ab5a        0x2 
 .rodata        0x000000000011ab5c       0x48 binaries/rdscontrol.o
 .rodata        0x000000000011aba4       0x6a binaries/rdsinit.o
 *fill*         0x000000000011ac0e        0x2 
 .rodata        0x000000000011ac10       0x22 binaries/rdsopen.o
 *fill*         0x000000000011ac32        0x2 
 .rodata        0x000000000011ac34       0x4d binaries/rdsprocess.o
 .rodata        0x000000000011ac81        0x9 binaries/raminit.o
 *fill*         0x000000000011ac8a        0x2 
 .rodata        0x000000000011ac8c       0x37 binaries/lfdballoc.o
 .rodata        0x000000000011acc3       0x14 binaries/lfiballoc.o
 *fill*         0x000000000011acd7        0x1 
 .rodata        0x000000000011acd8       0x23 binaries/lflcontrol.o
 *fill*         0x000000000011acfb        0x1 
 .rodata        0x000000000011acfc       0xb7 binaries/lfsckfmt.o
 *fill*         0x000000000011adb3        0x1 
 .rodata        0x000000000011adb4       0x21 binaries/rflread.o
 *fill*         0x000000000011add5        0x3 
 .rodata        0x000000000011add8       0x21 binaries/rflwrite.o
 *fill*         0x000000000011adf9        0x3 
 .rodata        0x000000000011adfc       0x75 binaries/rfscomm.o
 *fill*         0x000000000011ae71        0x3 
 .rodata        0x000000000011ae74       0x3c binaries/rfscontrol.o
 .rodata        0x000000000011aeb0       0x67 binaries/rfsinit.o
 *fill*         0x000000000011af17        0x1 
 .rodata        0x000000000011af18       0x2a binaries/rfsndmsg.o
 *fill*         0x000000000011af42        0x2 
 .rodata        0x000000000011af44       0x22 binaries/rfsopen.o
 *fill*         0x000000000011af66        0x2 
 .rodata        0x000000000011af68       0x3a binaries/arp.o
 *fill*         0x000000000011afa2        0x2 
 .rodata        0x000000000011afa4       0xef binaries/dhcp.o
 *fill*         0x000000000011b093        0x1 
 .rodata        0x000000000011b094       0xc9 binaries/hexdump.o
 *fill*         0x000000000011b15d        0x3 
 .rodata        0x000000000011b160       0x29 binaries/icmp.o
 *fill*         0x000000000011b189        0x3 
 .rodata        0x000000000011b18c       0x6e binaries/ip.o
 *fill*         0x000000000011b1fa        0x2 
 .rodata        0x000000000011b1fc       0x4f binaries/net.o
 *fill*         0x000000000011b24b        0x1 
 .rodata        0x000000000011b24c       0xcf binaries/netstart.o
 *fill*         0x000000000011b31b        0x1 
 .rodata        0x000000000011b31c      0x26f binaries/pdump.o
 *fill*         0x000000000011b58b        0x1 
 .rodata        0x000000000011b58c      0x154 binaries/tftp.o
 .rodata        0x000000000011b6e0      0x2c5 binaries/shell.o
 .rodata        0x000000000011b9a5       0x28 binaries/xsh_argecho.o
 *fill*         0x000000000011b9cd        0x3 
 .rodata        0x000000000011b9d0      0x123 binaries/xsh_arp.o
 *fill*         0x000000000011baf3        0x1 
 .rodata        0x000000000011baf4       0xc9 binaries/xsh_cat.o
 .rodata        0x000000000011bbbd       0x15 binaries/xsh_clear.o
 *fill*         0x000000000011bbd2        0x2 
 .rodata        0x000000000011bbd4      0x1c3 binaries/xsh_date.o
 .rodata        0x000000000011bd97       0x5d binaries/xsh_devdump.o
 .rodata        0x000000000011bdf4        0x9 binaries/xsh_echo.o
 *fill*         0x000000000011bdfd        0x3 
 .rodata        0x000000000011be00      0x169 binaries/xsh_help.o
 *fill*         0x000000000011bf69        0x3 
 .rodata        0x000000000011bf6c      0x194 binaries/xsh_ipaddr.o
 .rodata        0x000000000011c100      0x12e binaries/xsh_kill.o
 *fill*         0x000000000011c22e        0x2 
 .rodata        0x000000000011c230      0x252 binaries/xsh_memdump.o
 *fill*         0x000000000011c482        0x2 
 .rodata        0x000000000011c484      0x225 binaries/xsh_memstat.o
 *fill*         0x000000000011c6a9        0x3 
 .rodata        0x000000000011c6ac      0x175 binaries/xsh_ping.o
 *fill*         0x000000000011c821        0x3 
 .rodata        0x000000000011c824      0x1a8 binaries/xsh_ps.o
 .rodata        0x000000000011c9cc       0xeb binaries/xsh_sleep.o
 *fill*         0x000000000011cab7        0x1 
 .rodata        0x000000000011cab8      0x1b8 binaries/xsh_udpdump.o
 .rodata        0x000000000011cc70      0x215 binaries/xsh_udpecho.o
 *fill*         0x000000000011ce85        0x3 
 .rodata        0x000000000011ce88      0x12b binaries/xsh_udpeserver.o
 *fill*         0x000000000011cfb3        0x1 
 .rodata        0x000000000011cfb4      0x105 binaries/xsh_uptime.o
 *fill*         0x000000000011d0b9        0x3 
 .rodata        0x000000000011d0bc       0xbf binaries/paging.o
 *fill*         0x000000000011d17b        0x1 
 .rodata        0x000000000011d17c       0x5e binaries/pfhandler.o
 *fill*         0x000000000011d1da        0x2 
 .rodata        0x000000000011d1dc       0xa0 binaries/pregs.o
 .rodata        0x000000000011d27c       0xb6 binaries/psinit.o
 *fill*         0x000000000011d332        0x2 
 .rodata        0x000000000011d334       0x75 binaries/read_bs.o
 *fill*         0x000000000011d3a9        0x3 
 .rodata        0x000000000011d3ac       0x43 binaries/release_bs.o
 *fill*         0x000000000011d3ef        0x1 
 .rodata        0x000000000011d3f0      0x223 binaries/testProcs.o
 *fill*         0x000000000011d613        0x1 
 .rodata        0x000000000011d614       0x74 binaries/write_bs.o
                0x000000000011d688                etext = ABSOLUTE (.)
                0x000000000011e000                . = ALIGN (0x1000)
 *fill*         0x000000000011d688      0x978 

.eh_frame       0x000000000011e000     0x3474
 .eh_frame      0x000000000011e000       0x50 binaries/ascdate.o
 .eh_frame      0x000000000011e050       0x34 binaries/bufinit.o
                                         0x4c (size before relaxing)
 .eh_frame      0x000000000011e084       0x38 binaries/chprio.o
                                         0x50 (size before relaxing)
 .eh_frame      0x000000000011e0bc       0x24 binaries/clkhandler.o
                                         0x50 (size before relaxing)
 .eh_frame      0x000000000011e0e0       0x24 binaries/clkinit.o
                                         0x50 (size before relaxing)
 .eh_frame      0x000000000011e104       0x24 binaries/close.o
                                         0x50 (size before relaxing)
 .eh_frame      0x000000000011e128       0x24 binaries/control.o
                                         0x50 (size before relaxing)
 .eh_frame      0x000000000011e14c       0x48 binaries/create.o
                                         0x88 (size before relaxing)
 .eh_frame      0x000000000011e194      0x114 binaries/early_imr.o
                                        0x154 (size before relaxing)
 .eh_frame      0x000000000011e2a8       0x90 binaries/evec.o
                                         0xd0 (size before relaxing)
 .eh_frame      0x000000000011e338       0x24 binaries/freebuf.o
                                         0x50 (size before relaxing)
 .eh_frame      0x000000000011e35c       0x24 binaries/freemem.o
                                         0x50 (size before relaxing)
 .eh_frame      0x000000000011e380       0x24 binaries/getbuf.o
                                         0x50 (size before relaxing)
 .eh_frame      0x000000000011e3a4       0x24 binaries/getc.o
                                         0x50 (size before relaxing)
 .eh_frame      0x000000000011e3c8       0x24 binaries/getdev.o
                                         0x50 (size before relaxing)
 .eh_frame      0x000000000011e3ec       0x78 binaries/getitem.o
                                         0xa4 (size before relaxing)
 .eh_frame      0x000000000011e464       0x24 binaries/getmem.o
                                         0x50 (size before relaxing)
 .eh_frame      0x000000000011e488       0x20 binaries/getpid.o
                                         0x4c (size before relaxing)
 .eh_frame      0x000000000011e4a8       0x24 binaries/getprio.o
                                         0x50 (size before relaxing)
 .eh_frame      0x000000000011e4cc       0x24 binaries/getstk.o
                                         0x50 (size before relaxing)
 .eh_frame      0x000000000011e4f0       0x24 binaries/gettime.o
                                         0x50 (size before relaxing)
 .eh_frame      0x000000000011e514       0x24 binaries/getutime.o
                                         0x50 (size before relaxing)
 .eh_frame      0x000000000011e538       0xb0 binaries/hook.o
                                         0xdc (size before relaxing)
 .eh_frame      0x000000000011e5e8       0x24 binaries/init.o
                                         0x50 (size before relaxing)
 .eh_frame      0x000000000011e60c      0x120 binaries/initialize.o
                                        0x174 (size before relaxing)
 .eh_frame      0x000000000011e72c       0x24 binaries/insert.o
                                         0x50 (size before relaxing)
 .eh_frame      0x000000000011e750       0x28 binaries/insertd.o
                                         0x54 (size before relaxing)
 .eh_frame      0x000000000011e778       0x20 binaries/ioerr.o
                                         0x4c (size before relaxing)
 .eh_frame      0x000000000011e798       0x20 binaries/ionull.o
                                         0x4c (size before relaxing)
 .eh_frame      0x000000000011e7b8       0x2c binaries/kill.o
                                         0x58 (size before relaxing)
 .eh_frame      0x000000000011e7e4       0x88 binaries/kprintf.o
                                         0xc8 (size before relaxing)
 .eh_frame      0x000000000011e86c       0x28 binaries/main.o
                                         0x54 (size before relaxing)
 .eh_frame      0x000000000011e894       0x48 binaries/mark.o
                                         0x74 (size before relaxing)
 .eh_frame      0x000000000011e8dc       0x44 binaries/meminit.o
                                         0x70 (size before relaxing)
 .eh_frame      0x000000000011e920       0x24 binaries/mkbufpool.o
                                         0x50 (size before relaxing)
 .eh_frame      0x000000000011e944       0x24 binaries/newqueue.o
                                         0x50 (size before relaxing)
 .eh_frame      0x000000000011e968       0x24 binaries/open.o
                                         0x50 (size before relaxing)
 .eh_frame      0x000000000011e98c       0x1c binaries/panic.o
                                         0x48 (size before relaxing)
 .eh_frame      0x000000000011e9a8      0x1c0 binaries/pci.o
                                        0x1ec (size before relaxing)
 .eh_frame      0x000000000011eb68       0x24 binaries/platinit.o
                                         0x50 (size before relaxing)
 .eh_frame      0x000000000011eb8c       0x24 binaries/ptclear.o
                                         0x50 (size before relaxing)
 .eh_frame      0x000000000011ebb0       0x24 binaries/ptcount.o
                                         0x50 (size before relaxing)
 .eh_frame      0x000000000011ebd4       0x24 binaries/ptcreate.o
                                         0x50 (size before relaxing)
 .eh_frame      0x000000000011ebf8       0x24 binaries/ptdelete.o
                                         0x50 (size before relaxing)
 .eh_frame      0x000000000011ec1c       0x24 binaries/ptinit.o
                                         0x50 (size before relaxing)
 .eh_frame      0x000000000011ec40       0x24 binaries/ptrecv.o
                                         0x50 (size before relaxing)
 .eh_frame      0x000000000011ec64       0x24 binaries/ptreset.o
                                         0x50 (size before relaxing)
 .eh_frame      0x000000000011ec88       0x24 binaries/ptsend.o
                                         0x50 (size before relaxing)
 .eh_frame      0x000000000011ecac       0x24 binaries/putc.o
                                         0x50 (size before relaxing)
 .eh_frame      0x000000000011ecd0       0x24 binaries/quark_irq.o
                                         0x50 (size before relaxing)
 .eh_frame      0x000000000011ecf4       0x48 binaries/quark_pdat.o
                                         0x74 (size before relaxing)
 .eh_frame      0x000000000011ed3c       0x48 binaries/queue.o
                                         0x88 (size before relaxing)
 .eh_frame      0x000000000011ed84       0x24 binaries/read.o
                                         0x50 (size before relaxing)
 .eh_frame      0x000000000011eda8       0x28 binaries/ready.o
                                         0x54 (size before relaxing)
 .eh_frame      0x000000000011edd0       0x24 binaries/receive.o
                                         0x50 (size before relaxing)
 .eh_frame      0x000000000011edf4       0x24 binaries/recvclr.o
                                         0x50 (size before relaxing)
 .eh_frame      0x000000000011ee18       0x24 binaries/recvtime.o
                                         0x50 (size before relaxing)
 .eh_frame      0x000000000011ee3c       0x48 binaries/resched.o
                                         0x88 (size before relaxing)
 .eh_frame      0x000000000011ee84       0x24 binaries/resume.o
                                         0x50 (size before relaxing)
 .eh_frame      0x000000000011eea8       0x24 binaries/seek.o
                                         0x50 (size before relaxing)
 .eh_frame      0x000000000011eecc       0x24 binaries/semcount.o
                                         0x50 (size before relaxing)
 .eh_frame      0x000000000011eef0       0x48 binaries/semcreate.o
                                         0x88 (size before relaxing)
 .eh_frame      0x000000000011ef38       0x24 binaries/semdelete.o
                                         0x50 (size before relaxing)
 .eh_frame      0x000000000011ef5c       0x24 binaries/semreset.o
                                         0x50 (size before relaxing)
 .eh_frame      0x000000000011ef80       0x24 binaries/send.o
                                         0x50 (size before relaxing)
 .eh_frame      0x000000000011efa4       0x24 binaries/signal.o
                                         0x50 (size before relaxing)
 .eh_frame      0x000000000011efc8       0x24 binaries/signaln.o
                                         0x50 (size before relaxing)
 .eh_frame      0x000000000011efec       0x44 binaries/sleep.o
                                         0x84 (size before relaxing)
 .eh_frame      0x000000000011f030       0x24 binaries/stacktrace.o
                                         0x50 (size before relaxing)
 .eh_frame      0x000000000011f054       0x24 binaries/suspend.o
                                         0x50 (size before relaxing)
 .eh_frame      0x000000000011f078       0x24 binaries/unsleep.o
                                         0x50 (size before relaxing)
 .eh_frame      0x000000000011f09c       0x24 binaries/userret.o
                                         0x50 (size before relaxing)
 .eh_frame      0x000000000011f0c0       0x24 binaries/wait.o
                                         0x50 (size before relaxing)
 .eh_frame      0x000000000011f0e4       0x24 binaries/wakeup.o
                                         0x50 (size before relaxing)
 .eh_frame      0x000000000011f108       0x24 binaries/write.o
                                         0x50 (size before relaxing)
 .eh_frame      0x000000000011f12c       0x24 binaries/xdone.o
                                         0x50 (size before relaxing)
 .eh_frame      0x000000000011f150       0x24 binaries/yield.o
                                         0x50 (size before relaxing)
 .eh_frame      0x000000000011f174       0x20 binaries/abs.o
                                         0x4c (size before relaxing)
 .eh_frame      0x000000000011f194       0x20 binaries/atoi.o
                                         0x4c (size before relaxing)
 .eh_frame      0x000000000011f1b4       0x20 binaries/atol.o
                                         0x4c (size before relaxing)
 .eh_frame      0x000000000011f1d4       0x20 binaries/bzero.o
                                         0x4c (size before relaxing)
 .eh_frame      0x000000000011f1f4       0xcc binaries/doprnt.o
                                        0x10c (size before relaxing)
 .eh_frame      0x000000000011f2c0       0xc8 binaries/doscan.o
                                         0xf4 (size before relaxing)
 .eh_frame      0x000000000011f388       0xcc binaries/fdoprnt.o
                                        0x10c (size before relaxing)
 .eh_frame      0x000000000011f454       0x24 binaries/fgetc.o
                                         0x50 (size before relaxing)
 .eh_frame      0x000000000011f478       0x24 binaries/fgets.o
                                         0x50 (size before relaxing)
 .eh_frame      0x000000000011f49c       0x24 binaries/fprintf.o
                                         0x50 (size before relaxing)
 .eh_frame      0x000000000011f4c0       0x24 binaries/fputc.o
                                         0x50 (size before relaxing)
 .eh_frame      0x000000000011f4e4       0x24 binaries/fputs.o
                                         0x50 (size before relaxing)
 .eh_frame      0x000000000011f508       0x68 binaries/fscanf.o
                                         0x94 (size before relaxing)
 .eh_frame      0x000000000011f570       0x24 binaries/getchar.o
                                         0x50 (size before relaxing)
 .eh_frame      0x000000000011f594       0x20 binaries/labs.o
                                         0x4c (size before relaxing)
 .eh_frame      0x000000000011f5b4       0x20 binaries/memchr.o
                                         0x4c (size before relaxing)
 .eh_frame      0x000000000011f5d4       0x20 binaries/memcmp.o
                                         0x4c (size before relaxing)
 .eh_frame      0x000000000011f5f4       0x24 binaries/memcpy.o
                                         0x50 (size before relaxing)
 .eh_frame      0x000000000011f618       0x24 binaries/memset.o
                                         0x50 (size before relaxing)
 .eh_frame      0x000000000011f63c       0x24 binaries/printf.o
                                         0x50 (size before relaxing)
 .eh_frame      0x000000000011f660       0x24 binaries/putchar.o
                                         0x50 (size before relaxing)
 .eh_frame      0x000000000011f684       0xa4 binaries/qsort.o
                                         0xd0 (size before relaxing)
 .eh_frame      0x000000000011f728       0x40 binaries/rand.o
                                         0x6c (size before relaxing)
 .eh_frame      0x000000000011f768       0x44 binaries/sprintf.o
                                         0x70 (size before relaxing)
 .eh_frame      0x000000000011f7ac       0x64 binaries/sscanf.o
                                         0x90 (size before relaxing)
 .eh_frame      0x000000000011f810       0x20 binaries/strchr.o
                                         0x4c (size before relaxing)
 .eh_frame      0x000000000011f830       0x20 binaries/strcmp.o
                                         0x4c (size before relaxing)
 .eh_frame      0x000000000011f850       0x20 binaries/strcpy.o
                                         0x4c (size before relaxing)
 .eh_frame      0x000000000011f870       0x20 binaries/strlen.o
                                         0x4c (size before relaxing)
 .eh_frame      0x000000000011f890       0x20 binaries/strncat.o
                                         0x4c (size before relaxing)
 .eh_frame      0x000000000011f8b0       0x20 binaries/strncmp.o
                                         0x4c (size before relaxing)
 .eh_frame      0x000000000011f8d0       0x28 binaries/strncpy.o
                                         0x54 (size before relaxing)
 .eh_frame      0x000000000011f8f8       0x20 binaries/strnlen.o
                                         0x4c (size before relaxing)
 .eh_frame      0x000000000011f918       0x20 binaries/strrchr.o
                                         0x4c (size before relaxing)
 .eh_frame      0x000000000011f938       0x20 binaries/strstr.o
                                         0x4c (size before relaxing)
 .eh_frame      0x000000000011f958       0x24 binaries/ttycontrol.o
                                         0x50 (size before relaxing)
 .eh_frame      0x000000000011f97c       0x24 binaries/ttygetc.o
                                         0x50 (size before relaxing)
 .eh_frame      0x000000000011f9a0       0x88 binaries/ttyhandle_in.o
                                         0xdc (size before relaxing)
 .eh_frame      0x000000000011fa28       0x24 binaries/ttyhandle_out.o
                                         0x50 (size before relaxing)
 .eh_frame      0x000000000011fa4c       0x24 binaries/ttyhandler.o
                                         0x50 (size before relaxing)
 .eh_frame      0x000000000011fa70       0x24 binaries/ttyinit.o
                                         0x50 (size before relaxing)
 .eh_frame      0x000000000011fa94       0x20 binaries/ttykickout.o
                                         0x4c (size before relaxing)
 .eh_frame      0x000000000011fab4       0x24 binaries/ttyputc.o
                                         0x50 (size before relaxing)
 .eh_frame      0x000000000011fad8       0x24 binaries/ttyread.o
                                         0x50 (size before relaxing)
 .eh_frame      0x000000000011fafc       0x24 binaries/ttywrite.o
                                         0x50 (size before relaxing)
 .eh_frame      0x000000000011fb20       0x44 binaries/mount.o
                                         0x84 (size before relaxing)
 .eh_frame      0x000000000011fb64       0x24 binaries/naminit.o
                                         0x50 (size before relaxing)
 .eh_frame      0x000000000011fb88       0x68 binaries/nammap.o
                                         0xa8 (size before relaxing)
 .eh_frame      0x000000000011fbf0       0x24 binaries/namopen.o
                                         0x50 (size before relaxing)
 .eh_frame      0x000000000011fc14       0x28 binaries/colon2mac.o
                                         0x54 (size before relaxing)
 .eh_frame      0x000000000011fc3c       0x24 binaries/ethcontrol.o
                                         0x50 (size before relaxing)
 .eh_frame      0x000000000011fc60       0x24 binaries/ethhandler.o
                                         0x50 (size before relaxing)
 .eh_frame      0x000000000011fc84       0xb8 binaries/ethinit.o
                                         0xf8 (size before relaxing)
 .eh_frame      0x000000000011fd3c       0x48 binaries/ethmcast.o
                                         0x88 (size before relaxing)
 .eh_frame      0x000000000011fd84       0x24 binaries/ethread.o
                                         0x50 (size before relaxing)
 .eh_frame      0x000000000011fda8       0x24 binaries/ethwrite.o
                                         0x50 (size before relaxing)
 .eh_frame      0x000000000011fdcc       0x24 binaries/rdsbufalloc.o
                                         0x50 (size before relaxing)
 .eh_frame      0x000000000011fdf0       0x20 binaries/rdsclose.o
                                         0x4c (size before relaxing)
 .eh_frame      0x000000000011fe10       0x24 binaries/rdscomm.o
                                         0x50 (size before relaxing)
 .eh_frame      0x000000000011fe34       0x24 binaries/rdscontrol.o
                                         0x50 (size before relaxing)
 .eh_frame      0x000000000011fe58       0x24 binaries/rdsinit.o
                                         0x50 (size before relaxing)
 .eh_frame      0x000000000011fe7c       0x24 binaries/rdsopen.o
                                         0x50 (size before relaxing)
 .eh_frame      0x000000000011fea0       0x1c binaries/rdsprocess.o
                                         0x48 (size before relaxing)
 .eh_frame      0x000000000011febc       0x24 binaries/rdsread.o
                                         0x50 (size before relaxing)
 .eh_frame      0x000000000011fee0       0x24 binaries/rdswrite.o
                                         0x50 (size before relaxing)
 .eh_frame      0x000000000011ff04       0x20 binaries/ramclose.o
                                         0x4c (size before relaxing)
 .eh_frame      0x000000000011ff24       0x24 binaries/raminit.o
                                         0x50 (size before relaxing)
 .eh_frame      0x000000000011ff48       0x20 binaries/ramopen.o
                                         0x4c (size before relaxing)
 .eh_frame      0x000000000011ff68       0x24 binaries/ramread.o
                                         0x50 (size before relaxing)
 .eh_frame      0x000000000011ff8c       0x24 binaries/ramwrite.o
                                         0x50 (size before relaxing)
 .eh_frame      0x000000000011ffb0       0x24 binaries/lfdballoc.o
                                         0x50 (size before relaxing)
 .eh_frame      0x000000000011ffd4       0x24 binaries/lfdbfree.o
                                         0x50 (size before relaxing)
 .eh_frame      0x000000000011fff8       0x24 binaries/lfflush.o
                                         0x50 (size before relaxing)
 .eh_frame      0x000000000012001c       0x20 binaries/lfgetmode.o
                                         0x4c (size before relaxing)
 .eh_frame      0x000000000012003c       0x24 binaries/lfiballoc.o
                                         0x50 (size before relaxing)
 .eh_frame      0x0000000000120060       0x20 binaries/lfibclear.o
                                         0x4c (size before relaxing)
 .eh_frame      0x0000000000120080       0x24 binaries/lfibget.o
                                         0x50 (size before relaxing)
 .eh_frame      0x00000000001200a4       0x24 binaries/lfibput.o
                                         0x50 (size before relaxing)
 .eh_frame      0x00000000001200c8       0x24 binaries/lflclose.o
                                         0x50 (size before relaxing)
 .eh_frame      0x00000000001200ec       0x24 binaries/lflcontrol.o
                                         0x50 (size before relaxing)
 .eh_frame      0x0000000000120110       0x24 binaries/lflgetc.o
                                         0x50 (size before relaxing)
 .eh_frame      0x0000000000120134       0x24 binaries/lflinit.o
                                         0x50 (size before relaxing)
 .eh_frame      0x0000000000120158       0x24 binaries/lflputc.o
                                         0x50 (size before relaxing)
 .eh_frame      0x000000000012017c       0x24 binaries/lflread.o
                                         0x50 (size before relaxing)
 .eh_frame      0x00000000001201a0       0x24 binaries/lflseek.o
                                         0x50 (size before relaxing)
 .eh_frame      0x00000000001201c4       0x24 binaries/lflwrite.o
                                         0x50 (size before relaxing)
 .eh_frame      0x00000000001201e8       0x24 binaries/lfsckfmt.o
                                         0x50 (size before relaxing)
 .eh_frame      0x000000000012020c       0x24 binaries/lfscreate.o
                                         0x50 (size before relaxing)
 .eh_frame      0x0000000000120230       0x24 binaries/lfsetup.o
                                         0x50 (size before relaxing)
 .eh_frame      0x0000000000120254       0x24 binaries/lfsinit.o
                                         0x50 (size before relaxing)
 .eh_frame      0x0000000000120278       0x24 binaries/lfsopen.o
                                         0x50 (size before relaxing)
 .eh_frame      0x000000000012029c       0x24 binaries/lftruncate.o
                                         0x50 (size before relaxing)
 .eh_frame      0x00000000001202c0       0x24 binaries/rflclose.o
                                         0x50 (size before relaxing)
 .eh_frame      0x00000000001202e4       0x24 binaries/rflgetc.o
                                         0x50 (size before relaxing)
 .eh_frame      0x0000000000120308       0x20 binaries/rflinit.o
                                         0x4c (size before relaxing)
 .eh_frame      0x0000000000120328       0x24 binaries/rflputc.o
                                         0x50 (size before relaxing)
 .eh_frame      0x000000000012034c       0x24 binaries/rflread.o
                                         0x50 (size before relaxing)
 .eh_frame      0x0000000000120370       0x24 binaries/rflseek.o
                                         0x50 (size before relaxing)
 .eh_frame      0x0000000000120394       0x24 binaries/rflwrite.o
                                         0x50 (size before relaxing)
 .eh_frame      0x00000000001203b8       0x24 binaries/rfscomm.o
                                         0x50 (size before relaxing)
 .eh_frame      0x00000000001203dc       0x24 binaries/rfscontrol.o
                                         0x50 (size before relaxing)
 .eh_frame      0x0000000000120400       0x20 binaries/rfsgetmode.o
                                         0x4c (size before relaxing)
 .eh_frame      0x0000000000120420       0x24 binaries/rfsinit.o
                                         0x50 (size before relaxing)
 .eh_frame      0x0000000000120444       0x24 binaries/rfsndmsg.o
                                         0x50 (size before relaxing)
 .eh_frame      0x0000000000120468       0x24 binaries/rfsopen.o
                                         0x50 (size before relaxing)
 .eh_frame      0x000000000012048c       0xd0 binaries/arp.o
                                        0x124 (size before relaxing)
 .eh_frame      0x000000000012055c       0xac binaries/dhcp.o
                                         0xec (size before relaxing)
 .eh_frame      0x0000000000120608       0x20 binaries/dot2ip.o
                                         0x4c (size before relaxing)
 .eh_frame      0x0000000000120628       0x48 binaries/hexdump.o
                                         0x74 (size before relaxing)
 .eh_frame      0x0000000000120670      0x168 binaries/icmp.o
                                        0x1bc (size before relaxing)
 .eh_frame      0x00000000001207d8      0x130 binaries/ip.o
                                        0x170 (size before relaxing)
 .eh_frame      0x0000000000120908       0x80 binaries/net.o
                                         0xc0 (size before relaxing)
 .eh_frame      0x0000000000120988       0x30 binaries/netstart.o
                                         0x5c (size before relaxing)
 .eh_frame      0x00000000001209b8       0x60 binaries/pdump.o
                                         0xa0 (size before relaxing)
 .eh_frame      0x0000000000120a18       0x68 binaries/tftp.o
                                         0xa8 (size before relaxing)
 .eh_frame      0x0000000000120a80      0x160 binaries/udp.o
                                        0x1b4 (size before relaxing)
 .eh_frame      0x0000000000120be0       0x24 binaries/addargs.o
                                         0x50 (size before relaxing)
 .eh_frame      0x0000000000120c04       0x20 binaries/lexan.o
                                         0x4c (size before relaxing)
 .eh_frame      0x0000000000120c24       0x2c binaries/shell.o
                                         0x58 (size before relaxing)
 .eh_frame      0x0000000000120c50       0x24 binaries/xsh_argecho.o
                                         0x50 (size before relaxing)
 .eh_frame      0x0000000000120c74       0x48 binaries/xsh_arp.o
                                         0x74 (size before relaxing)
 .eh_frame      0x0000000000120cbc       0x2c binaries/xsh_cat.o
                                         0x58 (size before relaxing)
 .eh_frame      0x0000000000120ce8       0x28 binaries/xsh_clear.o
                                         0x54 (size before relaxing)
 .eh_frame      0x0000000000120d10       0x2c binaries/xsh_date.o
                                         0x58 (size before relaxing)
 .eh_frame      0x0000000000120d3c       0x24 binaries/xsh_devdump.o
                                         0x50 (size before relaxing)
 .eh_frame      0x0000000000120d60       0x24 binaries/xsh_echo.o
                                         0x50 (size before relaxing)
 .eh_frame      0x0000000000120d84       0x20 binaries/xsh_exit.o
                                         0x4c (size before relaxing)
 .eh_frame      0x0000000000120da4       0x2c binaries/xsh_help.o
                                         0x58 (size before relaxing)
 .eh_frame      0x0000000000120dd0       0x30 binaries/xsh_ipaddr.o
                                         0x5c (size before relaxing)
 .eh_frame      0x0000000000120e00       0x2c binaries/xsh_kill.o
                                         0x58 (size before relaxing)
 .eh_frame      0x0000000000120e2c       0x4c binaries/xsh_memdump.o
                                         0x8c (size before relaxing)
 .eh_frame      0x0000000000120e78       0x74 binaries/xsh_memstat.o
                                         0xa0 (size before relaxing)
 .eh_frame      0x0000000000120eec       0x30 binaries/xsh_ping.o
                                         0x5c (size before relaxing)
 .eh_frame      0x0000000000120f1c       0x30 binaries/xsh_ps.o
                                         0x5c (size before relaxing)
 .eh_frame      0x0000000000120f4c       0x2c binaries/xsh_sleep.o
                                         0x58 (size before relaxing)
 .eh_frame      0x0000000000120f78       0x2c binaries/xsh_udpdump.o
                                         0x58 (size before relaxing)
 .eh_frame      0x0000000000120fa4       0x30 binaries/xsh_udpecho.o
                                         0x5c (size before relaxing)
 .eh_frame      0x0000000000120fd4       0x30 binaries/xsh_udpeserver.o
                                         0x5c (size before relaxing)
 .eh_frame      0x0000000000121004       0x2c binaries/xsh_uptime.o
                                         0x58 (size before relaxing)
 .eh_frame      0x0000000000121030       0x24 binaries/allocate_bs.o
                                         0x50 (size before relaxing)
 .eh_frame      0x0000000000121054       0x24 binaries/close_bs.o
                                         0x50 (size before relaxing)
 .eh_frame      0x0000000000121078       0x24 binaries/deallocate_bs.o
                                         0x50 (size before relaxing)
 .eh_frame      0x000000000012109c       0x28 binaries/get_bs.o
                                         0x54 (size before relaxing)
 .eh_frame      0x00000000001210c4       0x24 binaries/open_bs.o
                                         0x50 (size before relaxing)
 .eh_frame      0x00000000001210e8       0xf4 binaries/paging.o
                                        0x120 (size before relaxing)
 .eh_frame      0x00000000001211dc       0x24 binaries/pfhandler.o
                                         0x50 (size before relaxing)
 .eh_frame      0x0000000000121200       0x6c binaries/pregs.o
                                         0x98 (size before relaxing)
 .eh_frame      0x000000000012126c       0x24 binaries/psinit.o
                                         0x50 (size before relaxing)
 .eh_frame      0x0000000000121290       0x2c binaries/read_bs.o
                                         0x58 (size before relaxing)
 .eh_frame      0x00000000001212bc       0x24 binaries/release_bs.o
                                         0x50 (size before relaxing)
 .eh_frame      0x00000000001212e0       0xc8 binaries/testProcs.o
                                         0xf4 (size before relaxing)
 .eh_frame      0x00000000001213a8       0x48 binaries/vcreate.o
                                         0x88 (size before relaxing)
 .eh_frame      0x00000000001213f0       0x2c binaries/vfreemem.o
                                         0x58 (size before relaxing)
 .eh_frame      0x000000000012141c       0x2c binaries/vgetmem.o
                                         0x58 (size before relaxing)
 .eh_frame      0x0000000000121448       0x2c binaries/write_bs.o
                                         0x58 (size before relaxing)

.iplt           0x0000000000121478        0x0
 .iplt          0x0000000000121478        0x0 binaries/start.o

.rel.dyn        0x0000000000121474        0x0
 .rel.got       0x0000000000121474        0x0 binaries/start.o
 .rel.iplt      0x0000000000121474        0x0 binaries/start.o
 .rel.text      0x0000000000121474        0x0 binaries/start.o

.data           0x0000000000121480     0x1b80
                0x0000000000121480                data = ABSOLUTE (.)
 *(.data .data.*)
 .data          0x0000000000121480      0x85a binaries/start.o
                0x0000000000121480                gdt
                0x00000000001214d0                idt
                0x0000000000121cd6                cpudelay
 .data          0x0000000000121cda        0x0 binaries/ascdate.o
 *fill*         0x0000000000121cda        0x6 
 .data.rel.local
                0x0000000000121ce0       0x88 binaries/ascdate.o
                0x0000000000121ce0                Date
 .data          0x0000000000121d68        0x0 binaries/bufinit.o
 .data          0x0000000000121d68        0x0 binaries/chprio.o
 .data          0x0000000000121d68        0x4 binaries/clkhandler.o
 .data          0x0000000000121d6c        0x0 binaries/clkinit.o
 .data          0x0000000000121d6c        0x0 binaries/close.o
 .data          0x0000000000121d6c        0x0 binaries/conf.o
 *fill*         0x0000000000121d6c       0x14 
 .data.rel      0x0000000000121d80      0x30c binaries/conf.o
                0x0000000000121d80                devtab
 .data          0x000000000012208c        0x0 binaries/control.o
 .data          0x000000000012208c        0x4 binaries/create.o
 .data          0x0000000000122090        0x0 binaries/early_imr.o
 .data          0x0000000000122090        0x0 binaries/evec.o
 *fill*         0x0000000000122090       0x10 
 .data.rel.local
                0x00000000001220a0       0x40 binaries/evec.o
                0x00000000001220a0                inames
 .data          0x00000000001220e0        0x0 binaries/freebuf.o
 .data          0x00000000001220e0        0x0 binaries/freemem.o
 .data          0x00000000001220e0        0x0 binaries/getbuf.o
 .data          0x00000000001220e0        0x0 binaries/getc.o
 .data          0x00000000001220e0        0x0 binaries/getdev.o
 .data          0x00000000001220e0        0x0 binaries/getitem.o
 .data          0x00000000001220e0        0x0 binaries/getmem.o
 .data          0x00000000001220e0        0x0 binaries/getpid.o
 .data          0x00000000001220e0        0x0 binaries/getprio.o
 .data          0x00000000001220e0        0x0 binaries/getstk.o
 .data          0x00000000001220e0        0x0 binaries/gettime.o
 .data          0x00000000001220e0        0x0 binaries/getutime.o
 .data          0x00000000001220e0        0x0 binaries/hook.o
 .data          0x00000000001220e0        0x0 binaries/init.o
 .data          0x00000000001220e0        0x0 binaries/initialize.o
 .data          0x00000000001220e0        0x0 binaries/insert.o
 .data          0x00000000001220e0        0x0 binaries/insertd.o
 .data          0x00000000001220e0        0x0 binaries/ioerr.o
 .data          0x00000000001220e0        0x0 binaries/ionull.o
 .data          0x00000000001220e0        0x0 binaries/kill.o
 .data          0x00000000001220e0        0x0 binaries/kprintf.o
 .data          0x00000000001220e0        0x0 binaries/main.o
 .data          0x00000000001220e0        0x0 binaries/mark.o
 .data          0x00000000001220e0       0x60 binaries/meminit.o
                0x00000000001220e0                bootsign
                0x00000000001220e4                bootinfo
                0x0000000000122100                gdt_copy
 .data          0x0000000000122140        0x0 binaries/mkbufpool.o
 .data          0x0000000000122140        0x2 binaries/newqueue.o
 .data          0x0000000000122142        0x0 binaries/open.o
 .data          0x0000000000122142        0x0 binaries/panic.o
 .data          0x0000000000122142        0x0 binaries/pci.o
 .data          0x0000000000122142        0x0 binaries/platinit.o
 .data          0x0000000000122142        0x0 binaries/ptclear.o
 .data          0x0000000000122142        0x0 binaries/ptcount.o
 .data          0x0000000000122142        0x0 binaries/ptcreate.o
 .data          0x0000000000122142        0x0 binaries/ptdelete.o
 .data          0x0000000000122142        0x0 binaries/ptinit.o
 .data          0x0000000000122142        0x0 binaries/ptrecv.o
 .data          0x0000000000122142        0x0 binaries/ptreset.o
 .data          0x0000000000122142        0x0 binaries/ptsend.o
 .data          0x0000000000122142        0x0 binaries/putc.o
 .data          0x0000000000122142        0x0 binaries/quark_irq.o
 .data          0x0000000000122142        0x0 binaries/quark_pdat.o
 .data          0x0000000000122142        0x0 binaries/queue.o
 .data          0x0000000000122142        0x0 binaries/read.o
 .data          0x0000000000122142        0x0 binaries/ready.o
 .data          0x0000000000122142        0x0 binaries/receive.o
 .data          0x0000000000122142        0x0 binaries/recvclr.o
 .data          0x0000000000122142        0x0 binaries/recvtime.o
 .data          0x0000000000122142        0x0 binaries/resched.o
 .data          0x0000000000122142        0x0 binaries/resume.o
 .data          0x0000000000122142        0x0 binaries/seek.o
 .data          0x0000000000122142        0x0 binaries/semcount.o
 .data          0x0000000000122142        0x0 binaries/semcreate.o
 .data          0x0000000000122142        0x0 binaries/semdelete.o
 .data          0x0000000000122142        0x0 binaries/semreset.o
 .data          0x0000000000122142        0x0 binaries/send.o
 .data          0x0000000000122142        0x0 binaries/signal.o
 .data          0x0000000000122142        0x0 binaries/signaln.o
 .data          0x0000000000122142        0x0 binaries/sleep.o
 .data          0x0000000000122142        0x0 binaries/stacktrace.o
 .data          0x0000000000122142        0x0 binaries/suspend.o
 .data          0x0000000000122142        0x0 binaries/unsleep.o
 .data          0x0000000000122142        0x0 binaries/userret.o
 .data          0x0000000000122142        0x0 binaries/wait.o
 .data          0x0000000000122142        0x0 binaries/wakeup.o
 .data          0x0000000000122142        0x0 binaries/write.o
 .data          0x0000000000122142        0x0 binaries/xdone.o
 .data          0x0000000000122142        0x0 binaries/yield.o
 .data          0x0000000000122142        0x0 binaries/abs.o
 .data          0x0000000000122142        0x0 binaries/atoi.o
 .data          0x0000000000122142        0x0 binaries/atol.o
 .data          0x0000000000122142        0x0 binaries/bzero.o
 .data          0x0000000000122142        0x0 binaries/ctype_.o
 .data          0x0000000000122142        0x0 binaries/doprnt.o
 *fill*         0x0000000000122142       0x1e 
 .data          0x0000000000122160       0x80 binaries/doscan.o
                0x0000000000122160                _sctab
 .data          0x00000000001221e0        0x0 binaries/fdoprnt.o
 .data          0x00000000001221e0        0x0 binaries/fgetc.o
 .data          0x00000000001221e0        0x0 binaries/fgets.o
 .data          0x00000000001221e0        0x0 binaries/fprintf.o
 .data          0x00000000001221e0        0x0 binaries/fputc.o
 .data          0x00000000001221e0        0x0 binaries/fputs.o
 .data          0x00000000001221e0        0x0 binaries/fscanf.o
 .data          0x00000000001221e0        0x0 binaries/getchar.o
 .data          0x00000000001221e0        0x0 binaries/labs.o
 .data          0x00000000001221e0        0x0 binaries/memchr.o
 .data          0x00000000001221e0        0x0 binaries/memcmp.o
 .data          0x00000000001221e0        0x0 binaries/memcpy.o
 .data          0x00000000001221e0        0x0 binaries/memset.o
 .data          0x00000000001221e0        0x0 binaries/printf.o
 .data          0x00000000001221e0        0x0 binaries/putchar.o
 .data          0x00000000001221e0        0x0 binaries/qsort.o
 .data          0x00000000001221e0        0x4 binaries/rand.o
 .data          0x00000000001221e4        0x0 binaries/sprintf.o
 .data          0x00000000001221e4        0x0 binaries/sscanf.o
 .data          0x00000000001221e4        0x0 binaries/strchr.o
 .data          0x00000000001221e4        0x0 binaries/strcmp.o
 .data          0x00000000001221e4        0x0 binaries/strcpy.o
 .data          0x00000000001221e4        0x0 binaries/strlen.o
 .data          0x00000000001221e4        0x0 binaries/strncat.o
 .data          0x00000000001221e4        0x0 binaries/strncmp.o
 .data          0x00000000001221e4        0x0 binaries/strncpy.o
 .data          0x00000000001221e4        0x0 binaries/strnlen.o
 .data          0x00000000001221e4        0x0 binaries/strrchr.o
 .data          0x00000000001221e4        0x0 binaries/strstr.o
 .data          0x00000000001221e4        0x0 binaries/ttycontrol.o
 .data          0x00000000001221e4        0x0 binaries/ttygetc.o
 .data          0x00000000001221e4        0x0 binaries/ttyhandle_in.o
 .data          0x00000000001221e4        0x0 binaries/ttyhandle_out.o
 .data          0x00000000001221e4        0x0 binaries/ttyhandler.o
 .data          0x00000000001221e4        0x0 binaries/ttyinit.o
 .data          0x00000000001221e4        0x0 binaries/ttykickout.o
 .data          0x00000000001221e4        0x0 binaries/ttyputc.o
 .data          0x00000000001221e4        0x0 binaries/ttyread.o
 .data          0x00000000001221e4        0x0 binaries/ttywrite.o
 .data          0x00000000001221e4        0x0 binaries/mount.o
 .data          0x00000000001221e4        0x0 binaries/naminit.o
 .data          0x00000000001221e4        0x0 binaries/nammap.o
 .data          0x00000000001221e4        0x0 binaries/namopen.o
 .data          0x00000000001221e4        0x0 binaries/colon2mac.o
 .data          0x00000000001221e4        0x0 binaries/ethcontrol.o
 .data          0x00000000001221e4        0x0 binaries/ethhandler.o
 .data          0x00000000001221e4        0x0 binaries/ethinit.o
 .data          0x00000000001221e4        0x0 binaries/ethmcast.o
 .data          0x00000000001221e4        0x0 binaries/ethread.o
 .data          0x00000000001221e4        0x0 binaries/ethwrite.o
 .data          0x00000000001221e4        0x0 binaries/rdsbufalloc.o
 .data          0x00000000001221e4        0x0 binaries/rdsclose.o
 .data          0x00000000001221e4        0x0 binaries/rdscomm.o
 .data          0x00000000001221e4        0x0 binaries/rdscontrol.o
 .data          0x00000000001221e4        0x0 binaries/rdsinit.o
 .data          0x00000000001221e4        0x0 binaries/rdsopen.o
 .data          0x00000000001221e4        0x0 binaries/rdsprocess.o
 .data          0x00000000001221e4        0x0 binaries/rdsread.o
 .data          0x00000000001221e4        0x0 binaries/rdswrite.o
 .data          0x00000000001221e4        0x0 binaries/ramclose.o
 .data          0x00000000001221e4        0x0 binaries/raminit.o
 .data          0x00000000001221e4        0x0 binaries/ramopen.o
 .data          0x00000000001221e4        0x0 binaries/ramread.o
 .data          0x00000000001221e4        0x0 binaries/ramwrite.o
 .data          0x00000000001221e4        0x0 binaries/lfdballoc.o
 .data          0x00000000001221e4        0x0 binaries/lfdbfree.o
 .data          0x00000000001221e4        0x0 binaries/lfflush.o
 .data          0x00000000001221e4        0x0 binaries/lfgetmode.o
 .data          0x00000000001221e4        0x0 binaries/lfiballoc.o
 .data          0x00000000001221e4        0x0 binaries/lfibclear.o
 .data          0x00000000001221e4        0x0 binaries/lfibget.o
 .data          0x00000000001221e4        0x0 binaries/lfibput.o
 .data          0x00000000001221e4        0x0 binaries/lflclose.o
 .data          0x00000000001221e4        0x0 binaries/lflcontrol.o
 .data          0x00000000001221e4        0x0 binaries/lflgetc.o
 .data          0x00000000001221e4        0x0 binaries/lflinit.o
 .data          0x00000000001221e4        0x0 binaries/lflputc.o
 .data          0x00000000001221e4        0x0 binaries/lflread.o
 .data          0x00000000001221e4        0x0 binaries/lflseek.o
 .data          0x00000000001221e4        0x0 binaries/lflwrite.o
 .data          0x00000000001221e4        0x0 binaries/lfsckfmt.o
 .data          0x00000000001221e4        0x0 binaries/lfscreate.o
 .data          0x00000000001221e4        0x0 binaries/lfsetup.o
 .data          0x00000000001221e4        0x0 binaries/lfsinit.o
 .data          0x00000000001221e4        0x0 binaries/lfsopen.o
 .data          0x00000000001221e4        0x0 binaries/lftruncate.o
 .data          0x00000000001221e4        0x0 binaries/rflclose.o
 .data          0x00000000001221e4        0x0 binaries/rflgetc.o
 .data          0x00000000001221e4        0x0 binaries/rflinit.o
 .data          0x00000000001221e4        0x0 binaries/rflputc.o
 .data          0x00000000001221e4        0x0 binaries/rflread.o
 .data          0x00000000001221e4        0x0 binaries/rflseek.o
 .data          0x00000000001221e4        0x0 binaries/rflwrite.o
 .data          0x00000000001221e4        0x0 binaries/rfscomm.o
 .data          0x00000000001221e4        0x0 binaries/rfscontrol.o
 .data          0x00000000001221e4        0x0 binaries/rfsgetmode.o
 .data          0x00000000001221e4        0x0 binaries/rfsinit.o
 .data          0x00000000001221e4        0x0 binaries/rfsndmsg.o
 .data          0x00000000001221e4        0x0 binaries/rfsopen.o
 .data          0x00000000001221e4        0x0 binaries/arp.o
 .data          0x00000000001221e4        0x0 binaries/dhcp.o
 .data          0x00000000001221e4        0x0 binaries/dot2ip.o
 .data          0x00000000001221e4        0x0 binaries/hexdump.o
 .data          0x00000000001221e4        0x4 binaries/icmp.o
 .data          0x00000000001221e8        0x0 binaries/ip.o
 .data          0x00000000001221e8        0x0 binaries/net.o
 .data          0x00000000001221e8        0x0 binaries/netstart.o
 .data          0x00000000001221e8        0x0 binaries/pdump.o
 .data          0x00000000001221e8        0x0 binaries/tftp.o
 .data          0x00000000001221e8        0x4 binaries/udp.o
 .data          0x00000000001221ec        0x0 binaries/addargs.o
 .data          0x00000000001221ec        0x0 binaries/lexan.o
 .data          0x00000000001221ec        0x4 binaries/shell.o
                0x00000000001221ec                ncmd
 *fill*         0x00000000001221f0       0x10 
 .data.rel.ro   0x0000000000122200       0xfc binaries/shell.o
                0x0000000000122200                cmdtab
 .data          0x00000000001222fc        0x0 binaries/xsh_argecho.o
 .data          0x00000000001222fc        0x0 binaries/xsh_arp.o
 .data          0x00000000001222fc        0x0 binaries/xsh_cat.o
 .data          0x00000000001222fc        0x0 binaries/xsh_clear.o
 .data          0x00000000001222fc        0x0 binaries/xsh_date.o
 .data          0x00000000001222fc        0x0 binaries/xsh_devdump.o